<html>
<body>
<pre>
<h1>µVision Build Log</h1>
<h2>Project:</h2>
C:\Users\AnhKhoa\Desktop\Box\Projects\Keil\EmbeddedSystemFinalProject\Project\Final.uvproj
Project File Date:  12/20/2015

<h2>Output:</h2>
Build target 'FinalProject'
compiling my_button.c...
compiling my_spi.c...
Driver\my_spi.c(166): warning:  #940-D: missing return statement at end of non-void function "my_spi_receive"
compiling my_usart.c...
compiling main.c...
compiling interrupt_handle.c...
User\interrupt_handle.c(26): warning:  #1-D: last line of file ends without a newline
linking...
Program Size: Code=5972 RO-data=424 RW-data=36 ZI-data=1636  
".\Out\SPI.axf" - 0 Errors, 2 Warning(s).
Load "C:\\Users\\AnhKhoa\\Desktop\\Box\\Projects\\Keil\\EmbeddedSystemFinalProject\\Project\\Out\\SPI.axf" 
Erase Done.
Programming Done.
Verify OK.
Application running ...
Build target 'FinalProject'
compiling interrupt_handle.c...
User\interrupt_handle.c(24): warning:  #1-D: last line of file ends without a newline
linking...
Program Size: Code=5976 RO-data=424 RW-data=36 ZI-data=1636  
".\Out\SPI.axf" - 0 Errors, 1 Warning(s).
Load "C:\\Users\\AnhKhoa\\Desktop\\Box\\Projects\\Keil\\EmbeddedSystemFinalProject\\Project\\Out\\SPI.axf" 
Erase Done.
Programming Done.
Verify OK.
Application running ...
Build target 'FinalProject'
compiling main.c...
compiling interrupt_handle.c...
User\interrupt_handle.c(24): warning:  #1-D: last line of file ends without a newline
linking...
Program Size: Code=5976 RO-data=424 RW-data=36 ZI-data=1636  
".\Out\SPI.axf" - 0 Errors, 1 Warning(s).
Load "C:\\Users\\AnhKhoa\\Desktop\\Box\\Projects\\Keil\\EmbeddedSystemFinalProject\\Project\\Out\\SPI.axf" 
Erase Done.
Programming Done.
Verify OK.
Application running ...
Build target 'FinalProject'
compiling my_button.c...
compiling my_gpio.c...
compiling my_led.c...
compiling my_spi.c...
Driver\my_spi.c(166): warning:  #940-D: missing return statement at end of non-void function "my_spi_receive"
compiling my_usart.c...
compiling main.c...
compiling interrupt_handle.c...
User\interrupt_handle.c(28): warning:  #1-D: last line of file ends without a newline
linking...
Program Size: Code=5456 RO-data=424 RW-data=36 ZI-data=1636  
".\Out\SPI.axf" - 0 Errors, 2 Warning(s).
Load "C:\\Users\\AnhKhoa\\Desktop\\Box\\Projects\\Keil\\EmbeddedSystemFinalProject\\Project\\Out\\SPI.axf" 
Load "C:\\Users\\AnhKhoa\\Desktop\\Box\\Projects\\Keil\\EmbeddedSystemFinalProject\\Project\\Out\\SPI.axf" 
Erase Done.
Programming Done.
Verify OK.
Application running ...
Build target 'FinalProject'
assembling startup_stm32f40_41xxx.s...
compiling system_stm32f4xx.c...
compiling stm32f4_discovery.c...
compiling misc.c...
compiling stm32f4xx_exti.c...
compiling stm32f4xx_gpio.c...
Lib\CMSIS\src\stm32f4xx_gpio.c(179): error:  #20: identifier "GPIOJ" is undefined
Lib\CMSIS\src\stm32f4xx_gpio.c(186): error:  #20: identifier "GPIOK" is undefined
compiling stm32f4xx_rcc.c...
Lib\CMSIS\src\stm32f4xx_rcc.c(247): error:  #136: struct "<unnamed>" has no field "PLLSAICFGR"
Lib\CMSIS\src\stm32f4xx_rcc.c(257): error:  #136: struct "<unnamed>" has no field "DCKCFGR"
Lib\CMSIS\src\stm32f4xx_rcc.c(849): error:  #136: struct "<unnamed>" has no field "PLLSAICFGR"
Lib\CMSIS\src\stm32f4xx_rcc.c(1677): error:  #136: struct "<unnamed>" has no field "DCKCFGR"
Lib\CMSIS\src\stm32f4xx_rcc.c(1680): error:  #20: identifier "RCC_DCKCFGR_SAI1ASRC" is undefined
Lib\CMSIS\src\stm32f4xx_rcc.c(1686): error:  #136: struct "<unnamed>" has no field "DCKCFGR"
Lib\CMSIS\src\stm32f4xx_rcc.c(1713): error:  #136: struct "<unnamed>" has no field "DCKCFGR"
Lib\CMSIS\src\stm32f4xx_rcc.c(1716): error:  #20: identifier "RCC_DCKCFGR_SAI1BSRC" is undefined
Lib\CMSIS\src\stm32f4xx_rcc.c(1722): error:  #136: struct "<unnamed>" has no field "DCKCFGR"
Lib\CMSIS\src\stm32f4xx_rcc.c(1746): error:  #136: struct "<unnamed>" has no field "DCKCFGR"
Lib\CMSIS\src\stm32f4xx_rcc.c(1749): error:  #20: identifier "RCC_DCKCFGR_PLLI2SDIVQ" is undefined
Lib\CMSIS\src\stm32f4xx_rcc.c(1755): error:  #136: struct "<unnamed>" has no field "DCKCFGR"
Lib\CMSIS\src\stm32f4xx_rcc.c(1778): error:  #136: struct "<unnamed>" has no field "DCKCFGR"
Lib\CMSIS\src\stm32f4xx_rcc.c(1781): error:  #20: identifier "RCC_DCKCFGR_PLLSAIDIVQ" is undefined
Lib\CMSIS\src\stm32f4xx_rcc.c(1787): error:  #136: struct "<unnamed>" has no field "DCKCFGR"
Lib\CMSIS\src\stm32f4xx_rcc.c(1814): error:  #136: struct "<unnamed>" has no field "DCKCFGR"
Lib\CMSIS\src\stm32f4xx_rcc.c(1817): error:  #20: identifier "RCC_DCKCFGR_PLLSAIDIVR" is undefined
Lib\CMSIS\src\stm32f4xx_rcc.c(1823): error:  #136: struct "<unnamed>" has no field "DCKCFGR"
Lib\CMSIS\src\stm32f4xx_rcc.c(2494): error:  #20: identifier "RCC_BDCR_LSEMOD" is undefined
Lib\CMSIS\src\stm32f4xx_rcc.c(2498): error:  #20: identifier "RCC_BDCR_LSEMOD" is undefined
compiling stm32f4xx_spi.c...
Lib\CMSIS\src\stm32f4xx_spi.c(251): error:  #20: identifier "SPI4" is undefined
Lib\CMSIS\src\stm32f4xx_spi.c(258): error:  #20: identifier "SPI5" is undefined
Lib\CMSIS\src\stm32f4xx_spi.c(267): error:  #20: identifier "SPI6" is undefined
compiling stm32f4xx_syscfg.c...
compiling stm32f4xx_usart.c...
Lib\CMSIS\src\stm32f4xx_usart.c(223): error:  #20: identifier "UART7" is undefined
Lib\CMSIS\src\stm32f4xx_usart.c(230): error:  #20: identifier "UART8" is undefined
compiling my_button.c...
compiling my_gpio.c...
Driver\my_gpio.c(69): error:  #20: identifier "GPIOJ" is undefined
Driver\my_gpio.c(74): error:  #20: identifier "GPIOK" is undefined
compiling my_led.c...
compiling my_spi.c...
Driver\my_spi.c(111): error:  #20: identifier "SPI4" is undefined
Driver\my_spi.c(129): error:  #20: identifier "SPI5" is undefined
Driver\my_spi.c(147): error:  #20: identifier "SPI6" is undefined
Driver\my_spi.c(166): warning:  #940-D: missing return statement at end of non-void function "my_spi_receive"
compiling my_usart.c...
compiling my_delay.c...
my_delay.c(22): warning:  #1-D: last line of file ends without a newline
compiling main.c...
compiling interrupt_handle.c...
User\interrupt_handle.c(28): warning:  #1-D: last line of file ends without a newline
".\Out\SPI.axf" - 32 Errors, 3 Warning(s).
Target not created
Build target 'FinalProject'
compiling system_stm32f4xx.c...
compiling stm32f4_discovery.c...
compiling misc.c...
compiling stm32f4xx_exti.c...
compiling stm32f4xx_gpio.c...
compiling stm32f4xx_rcc.c...
compiling stm32f4xx_spi.c...
compiling stm32f4xx_syscfg.c...
compiling stm32f4xx_usart.c...
compiling my_button.c...
compiling my_gpio.c...
Driver\my_gpio.c(68): error:  #20: identifier "RCC_AHB1Periph_GPIOJ" is undefined
Driver\my_gpio.c(69): error:  #20: identifier "GPIOJ" is undefined
Driver\my_gpio.c(73): error:  #20: identifier "RCC_AHB1Periph_GPIOK" is undefined
Driver\my_gpio.c(74): error:  #20: identifier "GPIOK" is undefined
compiling my_led.c...
compiling my_spi.c...
Driver\my_spi.c(105): error:  #20: identifier "GPIO_AF_SPI4" is undefined
Driver\my_spi.c(109): error:  #20: identifier "RCC_APB2Periph_SPI4" is undefined
Driver\my_spi.c(111): error:  #20: identifier "SPI4" is undefined
Driver\my_spi.c(123): error:  #20: identifier "GPIO_AF_SPI5" is undefined
Driver\my_spi.c(127): error:  #20: identifier "RCC_APB2Periph_SPI5" is undefined
Driver\my_spi.c(129): error:  #20: identifier "SPI5" is undefined
Driver\my_spi.c(141): error:  #20: identifier "GPIO_AF_SPI6" is undefined
Driver\my_spi.c(145): error:  #20: identifier "RCC_APB2Periph_SPI6" is undefined
Driver\my_spi.c(147): error:  #20: identifier "SPI6" is undefined
Driver\my_spi.c(166): warning:  #940-D: missing return statement at end of non-void function "my_spi_receive"
compiling my_usart.c...
compiling my_delay.c...
my_delay.c(22): warning:  #1-D: last line of file ends without a newline
compiling main.c...
compiling interrupt_handle.c...
User\interrupt_handle.c(28): warning:  #1-D: last line of file ends without a newline
".\Out\SPI.axf" - 13 Errors, 3 Warning(s).
Target not created
Build target 'FinalProject'
compiling my_gpio.c...
Driver\my_gpio.c(68): error:  #20: identifier "RCC_AHB1Periph_GPIOJ" is undefined
Driver\my_gpio.c(69): error:  #20: identifier "GPIOJ" is undefined
Driver\my_gpio.c(73): error:  #20: identifier "RCC_AHB1Periph_GPIOK" is undefined
Driver\my_gpio.c(74): error:  #20: identifier "GPIOK" is undefined
compiling my_spi.c...
Driver\my_spi.c(112): warning:  #940-D: missing return statement at end of non-void function "my_spi_receive"
compiling interrupt_handle.c...
".\Out\SPI.axf" - 4 Errors, 1 Warning(s).
Target not created
Build target 'FinalProject'
compiling my_gpio.c...
linking...
Program Size: Code=5084 RO-data=424 RW-data=36 ZI-data=1636  
".\Out\SPI.axf" - 0 Errors, 0 Warning(s).
Build target 'FinalProject'
compiling my_delay.c...
linking...
Program Size: Code=5084 RO-data=424 RW-data=36 ZI-data=1636  
".\Out\SPI.axf" - 0 Errors, 0 Warning(s).
Build target 'FinalProject'
compiling main.c...
User\interrupt_handle.h(5): error:  #20: identifier "uint32" is undefined
compiling interrupt_handle.c...
User\interrupt_handle.h(5): error:  #20: identifier "uint32" is undefined
".\Out\SPI.axf" - 2 Errors, 0 Warning(s).
Target not created
Build target 'FinalProject'
compiling main.c...
User\interrupt_handle.h(5): error:  #20: identifier "uint32" is undefined
compiling interrupt_handle.c...
User\interrupt_handle.c(5): error:  #5: cannot open source input file "my_delay.h": No such file or directory
".\Out\SPI.axf" - 2 Errors, 0 Warning(s).
Target not created
Build target 'FinalProject'
compiling main.c...
User\main.c(16): error:  #5: cannot open source input file "my_delay.h": No such file or directory
compiling interrupt_handle.c...
User\interrupt_handle.c(5): error:  #5: cannot open source input file "my_delay.h": No such file or directory
".\Out\SPI.axf" - 2 Errors, 0 Warning(s).
Target not created
Build target 'FinalProject'
compiling my_delay.c...
compiling main.c...
User\interrupt_handle.h(5): error:  #20: identifier "uint32" is undefined
compiling interrupt_handle.c...
User\interrupt_handle.h(5): error:  #20: identifier "uint32" is undefined
error type>(40): warning:  #1-D: last line of file ends without a newline
".\Out\SPI.axf" - 2 Errors, 1 Warning(s).
Target not created
Build target 'FinalProject'
compiling main.c...
User\interrupt_handle.h(5): error:  #20: identifier "uint32" is undefined
compiling interrupt_handle.c...
User\interrupt_handle.h(5): error:  #20: identifier "uint32" is undefined
error type>(40): warning:  #1-D: last line of file ends without a newline
".\Out\SPI.axf" - 2 Errors, 1 Warning(s).
Target not created
Build target 'FinalProject'
compiling main.c...
User\interrupt_handle.h(5): error:  #20: identifier "uint32" is undefined
compiling interrupt_handle.c...
User\interrupt_handle.h(5): error:  #20: identifier "uint32" is undefined
error type>(41): warning:  #1-D: last line of file ends without a newline
".\Out\SPI.axf" - 2 Errors, 1 Warning(s).
Target not created
Build target 'FinalProject'
compiling my_delay.c...
compiling main.c...
User\interrupt_handle.h(5): error:  #20: identifier "uint32" is undefined
compiling interrupt_handle.c...
User\interrupt_handle.h(5): error:  #20: identifier "uint32" is undefined
error type>(40): warning:  #1-D: last line of file ends without a newline
".\Out\SPI.axf" - 2 Errors, 1 Warning(s).
Target not created
compiling interrupt_handle.c...
User\interrupt_handle.h(5): error:  #20: identifier "uint32" is undefined
error type>(41): warning:  #1-D: last line of file ends without a newline
"User\interrupt_handle.c" - 1 Errors, 1 Warning(s).
Build target 'FinalProject'
compiling main.c...
User\interrupt_handle.h(5): error:  #20: identifier "uint32" is undefined
compiling interrupt_handle.c...
User\interrupt_handle.h(5): error:  #20: identifier "uint32" is undefined
error type>(41): warning:  #1-D: last line of file ends without a newline
".\Out\SPI.axf" - 2 Errors, 1 Warning(s).
Target not created
Build target 'FinalProject'
compiling my_delay.c...
compiling main.c...
compiling interrupt_handle.c...
User\interrupt_handle.c(40): warning:  #1-D: last line of file ends without a newline
linking...
Program Size: Code=5108 RO-data=424 RW-data=40 ZI-data=1632  
".\Out\SPI.axf" - 0 Errors, 1 Warning(s).
Build target 'FinalProject'
compiling interrupt_handle.c...
linking...
Program Size: Code=5108 RO-data=424 RW-data=40 ZI-data=1632  
".\Out\SPI.axf" - 0 Errors, 0 Warning(s).
Build target 'FinalProject'
compiling my_delay.c...
compiling main.c...
compiling interrupt_handle.c...
linking...
Program Size: Code=5108 RO-data=424 RW-data=40 ZI-data=1632  
".\Out\SPI.axf" - 0 Errors, 0 Warning(s).
