<html>
<body>
<pre>
<h1>µVision Build Log</h1>
<h2>Project:</h2>
C:\Users\Thach\Desktop\EmbeddedSystemFinalProject\Project\Final.uvproj
Project File Date:  12/19/2015

<h2>Output:</h2>
Build target 'FinalProject'
compiling interrupt_handle.c...
User\interrupt_handle.c(32): warning:  #1-D: last line of file ends without a newline
  }
User\interrupt_handle.c: 1 warning, 0 errors
linking...
Program Size: Code=5996 RO-data=424 RW-data=36 ZI-data=1636  
".\Out\SPI.axf" - 0 Error(s), 1 Warning(s).
Load "C:\\Users\\Thach\\Desktop\\EmbeddedSystemFinalProject\\Project\\Out\\SPI.axf" 
Erase Done.
Programming Done.
Verify OK.
Application running ...
), 1 Warning(s).
Target not created
