<html>
<body>
<pre>
<h1>µVision Build Log</h1>
<h2>Project:</h2>
C:\Users\Thach\Desktop\EmbeddedSystemFinalProject\Project\Final.uvproj
Project File Date:  12/18/2015

<h2>Output:</h2>
Build target 'Target 1'
compiling My_LED.c...
linking...
Program Size: Code=876 RO-data=424 RW-data=20 ZI-data=1636  
".\Out\SPI.axf" - 0 Error(s), 0 Warning(s).
</pre>
</body>
</html>
newline
  #endif
My_LED.c: 1 warning, 0 errors
linking...
Program Size: Code=876 RO-data=424 RW-data=20 ZI-data=1636  
".\Out\SPI.axf" - 0 Error(s), 1 Warning(s).
#1-D: last line of file ends without a newline
  #endif
Driver\My_GPIO.c(76): warning:  #1-D: last line of file ends without a newline
  }
Driver\My_GPIO.c: 2 warnings, 0 errors
compiling My_SPI.c...
Driver\My_SPI.h(19): warning:  #1-D: last line of file ends without a newline
  #endif
Driver\My_GPIO.h(20): warning:  #1-D: last line of file ends without a newline
  #endif
Driver\My_SPI.c: 2 warnings, 0 errors
compiling My_Button.c...
.\Driver\My_GPIO.h(20): warning:  #1-D: last line of file ends without a newline
  #endif
My_Button.c: 1 warning, 0 errors
compiling My_LED.c...
.\Driver\My_LED.h(17): warning:  #1-D: last line of file ends without a newline
  #endif
My_LED.c: 1 warning, 0 errors
compiling main.c...
linking...
Program Size: Code=876 RO-data=424 RW-data=20 ZI-data=1636  
".\Out\SPI.axf" - 0 Error(s), 6 Warning(s).
